ARM GAS  C:\Users\ELIASG~1\AppData\Local\Temp\ccGKxSnn.s 			page 1


   1              		.syntax unified
   2              		.cpu cortex-m0
   3              		.fpu softvfp
   4              		.eabi_attribute 20, 1
   5              		.eabi_attribute 21, 1
   6              		.eabi_attribute 23, 3
   7              		.eabi_attribute 24, 1
   8              		.eabi_attribute 25, 1
   9              		.eabi_attribute 26, 1
  10              		.eabi_attribute 30, 1
  11              		.eabi_attribute 34, 0
  12              		.eabi_attribute 18, 4
  13              		.thumb
  14              		.syntax unified
  15              		.file	"BLE_HAL_INT.c"
  16              		.text
  17              	.Ltext0:
  18              		.cfi_sections	.debug_frame
  19              		.section	.text.CyBLE_Bless_Interrupt,"ax",%progbits
  20              		.align	2
  21              		.global	CyBLE_Bless_Interrupt
  22              		.code	16
  23              		.thumb_func
  24              		.type	CyBLE_Bless_Interrupt, %function
  25              	CyBLE_Bless_Interrupt:
  26              	.LFB2:
  27              		.file 1 "Generated_Source\\PSoC4\\BLE_HAL_INT.c"
   1:Generated_Source\PSoC4/BLE_HAL_INT.c **** /***************************************************************************//**
   2:Generated_Source\PSoC4/BLE_HAL_INT.c **** * \file BLE_HAL_INT.c
   3:Generated_Source\PSoC4/BLE_HAL_INT.c **** * \version 3.50
   4:Generated_Source\PSoC4/BLE_HAL_INT.c **** *
   5:Generated_Source\PSoC4/BLE_HAL_INT.c **** * \brief
   6:Generated_Source\PSoC4/BLE_HAL_INT.c **** *  This file contains the source code for the Interrupt Service Routine for the
   7:Generated_Source\PSoC4/BLE_HAL_INT.c **** *  HAL section of the BLE component
   8:Generated_Source\PSoC4/BLE_HAL_INT.c **** *
   9:Generated_Source\PSoC4/BLE_HAL_INT.c **** ********************************************************************************
  10:Generated_Source\PSoC4/BLE_HAL_INT.c **** * \copyright
  11:Generated_Source\PSoC4/BLE_HAL_INT.c **** * Copyright 2014-2018, Cypress Semiconductor Corporation.  All rights reserved.
  12:Generated_Source\PSoC4/BLE_HAL_INT.c **** * You may use this file only in accordance with the license, terms, conditions,
  13:Generated_Source\PSoC4/BLE_HAL_INT.c **** * disclaimers, and limitations in the end user license agreement accompanying
  14:Generated_Source\PSoC4/BLE_HAL_INT.c **** * the software package with which this file was provided.
  15:Generated_Source\PSoC4/BLE_HAL_INT.c **** *******************************************************************************/
  16:Generated_Source\PSoC4/BLE_HAL_INT.c **** 
  17:Generated_Source\PSoC4/BLE_HAL_INT.c **** #include "BLE_HAL_PVT.h"
  18:Generated_Source\PSoC4/BLE_HAL_INT.c **** 
  19:Generated_Source\PSoC4/BLE_HAL_INT.c **** 
  20:Generated_Source\PSoC4/BLE_HAL_INT.c **** /*******************************************************************************
  21:Generated_Source\PSoC4/BLE_HAL_INT.c **** * Function Name: CyBLE_Bless_Interrupt
  22:Generated_Source\PSoC4/BLE_HAL_INT.c **** ****************************************************************************//**
  23:Generated_Source\PSoC4/BLE_HAL_INT.c **** *
  24:Generated_Source\PSoC4/BLE_HAL_INT.c **** *  Handles the Interrupt Service Routine for the BLE sub-system.
  25:Generated_Source\PSoC4/BLE_HAL_INT.c **** *
  26:Generated_Source\PSoC4/BLE_HAL_INT.c **** * \return
  27:Generated_Source\PSoC4/BLE_HAL_INT.c **** *  None
  28:Generated_Source\PSoC4/BLE_HAL_INT.c **** *
  29:Generated_Source\PSoC4/BLE_HAL_INT.c **** *******************************************************************************/
  30:Generated_Source\PSoC4/BLE_HAL_INT.c **** CY_ISR(CyBLE_Bless_Interrupt)
ARM GAS  C:\Users\ELIASG~1\AppData\Local\Temp\ccGKxSnn.s 			page 2


  31:Generated_Source\PSoC4/BLE_HAL_INT.c **** {
  28              		.loc 1 31 0
  29              		.cfi_startproc
  30              		@ args = 0, pretend = 0, frame = 0
  31              		@ frame_needed = 0, uses_anonymous_args = 0
  32 0000 10B5     		push	{r4, lr}
  33              		.cfi_def_cfa_offset 8
  34              		.cfi_offset 4, -8
  35              		.cfi_offset 14, -4
  32:Generated_Source\PSoC4/BLE_HAL_INT.c ****     #if(CYBLE_STACK_MODE_DEBUG)
  33:Generated_Source\PSoC4/BLE_HAL_INT.c ****         CyBle_ApplCallback(CYBLE_DEBUG_EVT_BLESS_INT, NULL);
  34:Generated_Source\PSoC4/BLE_HAL_INT.c ****     #endif /* CYBLE_STACK_MODE_DEBUG */
  35:Generated_Source\PSoC4/BLE_HAL_INT.c **** 
  36:Generated_Source\PSoC4/BLE_HAL_INT.c ****     /* Call stack manager bless function handler */
  37:Generated_Source\PSoC4/BLE_HAL_INT.c ****     #if(!CYBLE_SHARING_MODE_IMPORT)
  38:Generated_Source\PSoC4/BLE_HAL_INT.c ****         CyBLE_pf_bless_event_hdlr();
  36              		.loc 1 38 0
  37 0002 FFF7FEFF 		bl	CyBle_BleSSInterruptHandler
  38              	.LVL0:
  39:Generated_Source\PSoC4/BLE_HAL_INT.c ****     #endif /* CYBLE_SHARING_MODE_IMPORT */
  40:Generated_Source\PSoC4/BLE_HAL_INT.c ****     
  41:Generated_Source\PSoC4/BLE_HAL_INT.c ****     /* Host stack takes care of clearing interrupts */
  42:Generated_Source\PSoC4/BLE_HAL_INT.c **** }
  39              		.loc 1 42 0
  40              		@ sp needed
  41 0006 10BD     		pop	{r4, pc}
  42              		.cfi_endproc
  43              	.LFE2:
  44              		.size	CyBLE_Bless_Interrupt, .-CyBLE_Bless_Interrupt
  45              		.text
  46              	.Letext0:
  47              		.file 2 "Generated_Source\\PSoC4\\BLE_STACK_PVT.h"
  48              		.section	.debug_info,"",%progbits
  49              	.Ldebug_info0:
  50 0000 B5000000 		.4byte	0xb5
  51 0004 0400     		.2byte	0x4
  52 0006 00000000 		.4byte	.Ldebug_abbrev0
  53 000a 04       		.byte	0x4
  54 000b 01       		.uleb128 0x1
  55 000c F7000000 		.4byte	.LASF14
  56 0010 0C       		.byte	0xc
  57 0011 7D000000 		.4byte	.LASF15
  58 0015 1B000000 		.4byte	.LASF16
  59 0019 00000000 		.4byte	.Ldebug_ranges0+0
  60 001d 00000000 		.4byte	0
  61 0021 00000000 		.4byte	.Ldebug_line0
  62 0025 02       		.uleb128 0x2
  63 0026 01       		.byte	0x1
  64 0027 06       		.byte	0x6
  65 0028 98010000 		.4byte	.LASF0
  66 002c 02       		.uleb128 0x2
  67 002d 01       		.byte	0x1
  68 002e 08       		.byte	0x8
  69 002f A2000000 		.4byte	.LASF1
  70 0033 02       		.uleb128 0x2
  71 0034 02       		.byte	0x2
  72 0035 05       		.byte	0x5
ARM GAS  C:\Users\ELIASG~1\AppData\Local\Temp\ccGKxSnn.s 			page 3


  73 0036 B6010000 		.4byte	.LASF2
  74 003a 02       		.uleb128 0x2
  75 003b 02       		.byte	0x2
  76 003c 07       		.byte	0x7
  77 003d 85010000 		.4byte	.LASF3
  78 0041 02       		.uleb128 0x2
  79 0042 04       		.byte	0x4
  80 0043 05       		.byte	0x5
  81 0044 B5000000 		.4byte	.LASF4
  82 0048 02       		.uleb128 0x2
  83 0049 04       		.byte	0x4
  84 004a 07       		.byte	0x7
  85 004b 54000000 		.4byte	.LASF5
  86 004f 02       		.uleb128 0x2
  87 0050 08       		.byte	0x8
  88 0051 05       		.byte	0x5
  89 0052 00000000 		.4byte	.LASF6
  90 0056 02       		.uleb128 0x2
  91 0057 08       		.byte	0x8
  92 0058 07       		.byte	0x7
  93 0059 66000000 		.4byte	.LASF7
  94 005d 03       		.uleb128 0x3
  95 005e 04       		.byte	0x4
  96 005f 05       		.byte	0x5
  97 0060 696E7400 		.ascii	"int\000"
  98 0064 02       		.uleb128 0x2
  99 0065 04       		.byte	0x4
 100 0066 07       		.byte	0x7
 101 0067 0E000000 		.4byte	.LASF8
 102 006b 02       		.uleb128 0x2
 103 006c 04       		.byte	0x4
 104 006d 04       		.byte	0x4
 105 006e B0010000 		.4byte	.LASF9
 106 0072 02       		.uleb128 0x2
 107 0073 08       		.byte	0x8
 108 0074 04       		.byte	0x4
 109 0075 D4000000 		.4byte	.LASF10
 110 0079 02       		.uleb128 0x2
 111 007a 01       		.byte	0x1
 112 007b 08       		.byte	0x8
 113 007c B0000000 		.4byte	.LASF11
 114 0080 02       		.uleb128 0x2
 115 0081 08       		.byte	0x8
 116 0082 04       		.byte	0x4
 117 0083 A4010000 		.4byte	.LASF12
 118 0087 02       		.uleb128 0x2
 119 0088 04       		.byte	0x4
 120 0089 07       		.byte	0x7
 121 008a C0010000 		.4byte	.LASF13
 122 008e 04       		.uleb128 0x4
 123 008f BE000000 		.4byte	.LASF17
 124 0093 01       		.byte	0x1
 125 0094 1E       		.byte	0x1e
 126 0095 00000000 		.4byte	.LFB2
 127 0099 08000000 		.4byte	.LFE2-.LFB2
 128 009d 01       		.uleb128 0x1
 129 009e 9C       		.byte	0x9c
ARM GAS  C:\Users\ELIASG~1\AppData\Local\Temp\ccGKxSnn.s 			page 4


 130 009f AD000000 		.4byte	0xad
 131 00a3 05       		.uleb128 0x5
 132 00a4 06000000 		.4byte	.LVL0
 133 00a8 AD000000 		.4byte	0xad
 134 00ac 00       		.byte	0
 135 00ad 06       		.uleb128 0x6
 136 00ae DB000000 		.4byte	.LASF18
 137 00b2 DB000000 		.4byte	.LASF18
 138 00b6 02       		.byte	0x2
 139 00b7 64       		.byte	0x64
 140 00b8 00       		.byte	0
 141              		.section	.debug_abbrev,"",%progbits
 142              	.Ldebug_abbrev0:
 143 0000 01       		.uleb128 0x1
 144 0001 11       		.uleb128 0x11
 145 0002 01       		.byte	0x1
 146 0003 25       		.uleb128 0x25
 147 0004 0E       		.uleb128 0xe
 148 0005 13       		.uleb128 0x13
 149 0006 0B       		.uleb128 0xb
 150 0007 03       		.uleb128 0x3
 151 0008 0E       		.uleb128 0xe
 152 0009 1B       		.uleb128 0x1b
 153 000a 0E       		.uleb128 0xe
 154 000b 55       		.uleb128 0x55
 155 000c 17       		.uleb128 0x17
 156 000d 11       		.uleb128 0x11
 157 000e 01       		.uleb128 0x1
 158 000f 10       		.uleb128 0x10
 159 0010 17       		.uleb128 0x17
 160 0011 00       		.byte	0
 161 0012 00       		.byte	0
 162 0013 02       		.uleb128 0x2
 163 0014 24       		.uleb128 0x24
 164 0015 00       		.byte	0
 165 0016 0B       		.uleb128 0xb
 166 0017 0B       		.uleb128 0xb
 167 0018 3E       		.uleb128 0x3e
 168 0019 0B       		.uleb128 0xb
 169 001a 03       		.uleb128 0x3
 170 001b 0E       		.uleb128 0xe
 171 001c 00       		.byte	0
 172 001d 00       		.byte	0
 173 001e 03       		.uleb128 0x3
 174 001f 24       		.uleb128 0x24
 175 0020 00       		.byte	0
 176 0021 0B       		.uleb128 0xb
 177 0022 0B       		.uleb128 0xb
 178 0023 3E       		.uleb128 0x3e
 179 0024 0B       		.uleb128 0xb
 180 0025 03       		.uleb128 0x3
 181 0026 08       		.uleb128 0x8
 182 0027 00       		.byte	0
 183 0028 00       		.byte	0
 184 0029 04       		.uleb128 0x4
 185 002a 2E       		.uleb128 0x2e
 186 002b 01       		.byte	0x1
ARM GAS  C:\Users\ELIASG~1\AppData\Local\Temp\ccGKxSnn.s 			page 5


 187 002c 3F       		.uleb128 0x3f
 188 002d 19       		.uleb128 0x19
 189 002e 03       		.uleb128 0x3
 190 002f 0E       		.uleb128 0xe
 191 0030 3A       		.uleb128 0x3a
 192 0031 0B       		.uleb128 0xb
 193 0032 3B       		.uleb128 0x3b
 194 0033 0B       		.uleb128 0xb
 195 0034 27       		.uleb128 0x27
 196 0035 19       		.uleb128 0x19
 197 0036 11       		.uleb128 0x11
 198 0037 01       		.uleb128 0x1
 199 0038 12       		.uleb128 0x12
 200 0039 06       		.uleb128 0x6
 201 003a 40       		.uleb128 0x40
 202 003b 18       		.uleb128 0x18
 203 003c 9742     		.uleb128 0x2117
 204 003e 19       		.uleb128 0x19
 205 003f 01       		.uleb128 0x1
 206 0040 13       		.uleb128 0x13
 207 0041 00       		.byte	0
 208 0042 00       		.byte	0
 209 0043 05       		.uleb128 0x5
 210 0044 898201   		.uleb128 0x4109
 211 0047 00       		.byte	0
 212 0048 11       		.uleb128 0x11
 213 0049 01       		.uleb128 0x1
 214 004a 31       		.uleb128 0x31
 215 004b 13       		.uleb128 0x13
 216 004c 00       		.byte	0
 217 004d 00       		.byte	0
 218 004e 06       		.uleb128 0x6
 219 004f 2E       		.uleb128 0x2e
 220 0050 00       		.byte	0
 221 0051 3F       		.uleb128 0x3f
 222 0052 19       		.uleb128 0x19
 223 0053 3C       		.uleb128 0x3c
 224 0054 19       		.uleb128 0x19
 225 0055 6E       		.uleb128 0x6e
 226 0056 0E       		.uleb128 0xe
 227 0057 03       		.uleb128 0x3
 228 0058 0E       		.uleb128 0xe
 229 0059 3A       		.uleb128 0x3a
 230 005a 0B       		.uleb128 0xb
 231 005b 3B       		.uleb128 0x3b
 232 005c 0B       		.uleb128 0xb
 233 005d 00       		.byte	0
 234 005e 00       		.byte	0
 235 005f 00       		.byte	0
 236              		.section	.debug_aranges,"",%progbits
 237 0000 1C000000 		.4byte	0x1c
 238 0004 0200     		.2byte	0x2
 239 0006 00000000 		.4byte	.Ldebug_info0
 240 000a 04       		.byte	0x4
 241 000b 00       		.byte	0
 242 000c 0000     		.2byte	0
 243 000e 0000     		.2byte	0
ARM GAS  C:\Users\ELIASG~1\AppData\Local\Temp\ccGKxSnn.s 			page 6


 244 0010 00000000 		.4byte	.LFB2
 245 0014 08000000 		.4byte	.LFE2-.LFB2
 246 0018 00000000 		.4byte	0
 247 001c 00000000 		.4byte	0
 248              		.section	.debug_ranges,"",%progbits
 249              	.Ldebug_ranges0:
 250 0000 00000000 		.4byte	.LFB2
 251 0004 08000000 		.4byte	.LFE2
 252 0008 00000000 		.4byte	0
 253 000c 00000000 		.4byte	0
 254              		.section	.debug_line,"",%progbits
 255              	.Ldebug_line0:
 256 0000 65000000 		.section	.debug_str,"MS",%progbits,1
 256      02004E00 
 256      00000201 
 256      FB0E0D00 
 256      01010101 
 257              	.LASF6:
 258 0000 6C6F6E67 		.ascii	"long long int\000"
 258      206C6F6E 
 258      6720696E 
 258      7400
 259              	.LASF8:
 260 000e 756E7369 		.ascii	"unsigned int\000"
 260      676E6564 
 260      20696E74 
 260      00
 261              	.LASF16:
 262 001b 433A5C55 		.ascii	"C:\\Users\\Elias g\\FDRM-kl25z\\Timer_Example\\Desi"
 262      73657273 
 262      5C456C69 
 262      61732067 
 262      5C464452 
 263 0049 676E3031 		.ascii	"gn01.cydsn\000"
 263      2E637964 
 263      736E00
 264              	.LASF5:
 265 0054 6C6F6E67 		.ascii	"long unsigned int\000"
 265      20756E73 
 265      69676E65 
 265      6420696E 
 265      7400
 266              	.LASF7:
 267 0066 6C6F6E67 		.ascii	"long long unsigned int\000"
 267      206C6F6E 
 267      6720756E 
 267      7369676E 
 267      65642069 
 268              	.LASF15:
 269 007d 47656E65 		.ascii	"Generated_Source\\PSoC4\\BLE_HAL_INT.c\000"
 269      72617465 
 269      645F536F 
 269      75726365 
 269      5C50536F 
 270              	.LASF1:
 271 00a2 756E7369 		.ascii	"unsigned char\000"
 271      676E6564 
ARM GAS  C:\Users\ELIASG~1\AppData\Local\Temp\ccGKxSnn.s 			page 7


 271      20636861 
 271      7200
 272              	.LASF11:
 273 00b0 63686172 		.ascii	"char\000"
 273      00
 274              	.LASF4:
 275 00b5 6C6F6E67 		.ascii	"long int\000"
 275      20696E74 
 275      00
 276              	.LASF17:
 277 00be 4379424C 		.ascii	"CyBLE_Bless_Interrupt\000"
 277      455F426C 
 277      6573735F 
 277      496E7465 
 277      72727570 
 278              	.LASF10:
 279 00d4 646F7562 		.ascii	"double\000"
 279      6C6500
 280              	.LASF18:
 281 00db 4379426C 		.ascii	"CyBle_BleSSInterruptHandler\000"
 281      655F426C 
 281      65535349 
 281      6E746572 
 281      72757074 
 282              	.LASF14:
 283 00f7 474E5520 		.ascii	"GNU C11 5.4.1 20160609 (release) [ARM/embedded-5-br"
 283      43313120 
 283      352E342E 
 283      31203230 
 283      31363036 
 284 012a 616E6368 		.ascii	"anch revision 237715] -mcpu=cortex-m0 -mthumb -g -O"
 284      20726576 
 284      6973696F 
 284      6E203233 
 284      37373135 
 285 015d 67202D66 		.ascii	"g -ffunction-sections -ffat-lto-objects\000"
 285      66756E63 
 285      74696F6E 
 285      2D736563 
 285      74696F6E 
 286              	.LASF3:
 287 0185 73686F72 		.ascii	"short unsigned int\000"
 287      7420756E 
 287      7369676E 
 287      65642069 
 287      6E7400
 288              	.LASF0:
 289 0198 7369676E 		.ascii	"signed char\000"
 289      65642063 
 289      68617200 
 290              	.LASF12:
 291 01a4 6C6F6E67 		.ascii	"long double\000"
 291      20646F75 
 291      626C6500 
 292              	.LASF9:
 293 01b0 666C6F61 		.ascii	"float\000"
 293      7400
ARM GAS  C:\Users\ELIASG~1\AppData\Local\Temp\ccGKxSnn.s 			page 8


 294              	.LASF2:
 295 01b6 73686F72 		.ascii	"short int\000"
 295      7420696E 
 295      7400
 296              	.LASF13:
 297 01c0 73697A65 		.ascii	"sizetype\000"
 297      74797065 
 297      00
 298              		.ident	"GCC: (GNU Tools for ARM Embedded Processors) 5.4.1 20160609 (release) [ARM/embedded-5-bran
